 
****************************************
Report : clock_gating
        -nosplit
Design : tv80s
Version: R-2020.09-SP3
Date   : Tue Sep 19 15:41:16 2023
****************************************

Information: Identification of clock-gating cells has not been performed. Pre-existing clock-gating cells will not be reported. (PWR-947)


                             Clock Gating Summary
          ------------------------------------------------------------
          |    Number of Clock gating elements    |        2         |
          |                                       |                  |
          |    Number of Gated registers          |   335 (93.31%)   |
          |                                       |                  |
          |    Number of Ungated registers        |    24 (6.69%)    |
          |                                       |                  |
          |    Total number of registers          |      359         |
          ------------------------------------------------------------



                             Clock Gating Report by Origin
          +-------------------------------------------------+------------------+
          |                                                 |    Actual (%)    |
          |                                                 |    Count         |
          +-------------------------------------------------+------------------+
          |  Number of tool-inserted clock gating elements  |     2 (100.00%)  |
          |                                                 |                  |
          |  Number of pre-existing clock gating elements   |     0 (0.00%)    |
          |                                                 |                  |
          |  Number of gated registers                      |   335 (93.31%)   |
          |                                                 |                  |
          |  Number of tool-inserted gated registers        |   335 (93.31%)   |
          |                                                 |                  |
          |  Number of pre-existing gated registers         |     0 (0.00%)    |
          |                                                 |                  |
          |  Number of ungated registers                    |    24 (6.69%)    |
          |                                                 |                  |
          |  Number of registers                            |      359         |
          +-------------------------------------------------+------------------+



1
