   *** Layers ***

From .tech file (bottom to top):
  DIFF
  CTM1
  DIFFVIA0
  CPO
  POLYVIA0
  GATE
  POLY
  M1
  VIA1
  VIA1_BAR
  VIA1_LRG
  M2
  VIA2
  VIA2_BAR
  VIA2_LRG
  M3
  VIA3
  VIA3_BAR
  VIA3_LRG
  M4
  VIA4
  VIA4_BAR
  VIA4_LRG
  M5
  VIA5
  VIA5_BAR
  VIA5_LRG
  M6
  VIA6
  VIA6_BAR
  VIA6_LRG
  M7
  VIA7
  VIA7_BAR
  VIA7_LRG
  M8
  VIA8
  M9
  VIARDL
  MRDL
  instance

LEF Only (unused & undefined layers):
  NWELL
  LVTIMP
  PO
  FIN
  DNW
  PIMP
  NIMP
  DIFF_15
  PAD
  ESD
  SBLK
  VIA0
  HVTIMP
  M1PIN
  M2PIN
  M3PIN
  M4PIN
  M5PIN
  M6PIN
  M7PIN
  M8PIN
  M9PIN
  MRPIN
  HOTNWL
  DIOD
  BJTDMY
  RNW
  RMARK
  prBoundary
  LOGO
  IP
  RM1
  RM2
  RM3
  RM4
  RM5
  RM6
  RM7
  RM8
  RM9
  DIFF_25

Undefined (DEF Only):

   *** ViaModels ***

Defined (.tech/LEF/DEF):
  VIA12SQ_C
  VIA12BAR1_C
  VIA12BAR2_C
  VIA12LG_C
  VIA12SQ
  VIA12BAR1
  VIA12BAR2
  VIA12LG
  VIA1_32SQ_C
  VIA1_32BAR1_C
  VIA1_32BAR2_C
  VIA1_32LG_C
  VIA1_32SQ
  VIA1_32BAR1
  VIA1_32BAR2
  VIA1_32LG
  VIA12_3SQ_C
  VIA12_3BAR1_C
  VIA12_3BAR2_C
  VIA12_3LG_C
  VIA12_3SQ
  VIA12_3BAR1
  VIA12_3BAR2
  VIA12_3LG
  VIA1_32_3SQ_C
  VIA1_32_3BAR1_C
  VIA1_32_3BAR2_C
  VIA1_32_3LG_C
  VIA1_32_3SQ
  VIA1_32_3BAR1
  VIA1_32_3BAR2
  VIA1_32_3LG
  VIA23SQ_C
  VIA23BAR1_C
  VIA23BAR2_C
  VIA23LG_C
  VIA23SQ
  VIA23BAR1
  VIA23BAR2
  VIA23LG
  VIA2_33SQ_C
  VIA2_33BAR1_C
  VIA2_33BAR2_C
  VIA2_33LG_C
  VIA2_33SQ
  VIA2_33BAR1
  VIA2_33BAR2
  VIA2_33LG
  VIA23_3SQ_C
  VIA23_3BAR1_C
  VIA23_3BAR2_C
  VIA23_3LG_C
  VIA23_3SQ
  VIA23_3BAR1
  VIA23_3BAR2
  VIA23_3LG
  VIA2_33_3SQ_C
  VIA2_33_3BAR1_C
  VIA2_33_3BAR2_C
  VIA2_33_3LG_C
  VIA2_33_3SQ
  VIA2_33_3BAR1
  VIA2_33_3BAR2
  VIA2_33_3LG
  VIA34SQ_C
  VIA34BAR1_C
  VIA34BAR2_C
  VIA34LG_C
  VIA34SQ
  VIA34BAR1
  VIA34BAR2
  VIA34LG
  VIA3_34SQ_C
  VIA3_34BAR1_C
  VIA3_34BAR2_C
  VIA3_34LG_C
  VIA3_34SQ
  VIA3_34BAR1
  VIA3_34BAR2
  VIA3_4LG
  VIA45BAR1_C
  VIA45BAR2_C
  VIA45LG_C
  VIA45SQ
  VIA45BAR1
  VIA45BAR2
  VIA45LG
  VIA56SQ_C
  VIA56BAR1_C
  VIA56BAR2_C
  VIA56LG_C
  VIA56SQ
  VIA56BAR1
  VIA56BAR2
  VIA56LG
  VIA67SQ_C
  VIA67BAR1_C
  VIA67SQ
  VIA67BAR1
  VIA67BAR2
  VIA67LG
  VIA78SQ_C
  VIA78BAR1_C
  VIA78BAR2_C
  VIA78LG_C
  VIA78SQ
  VIA78BAR1
  VIA78BAR2
  VIA78LG
  VIA89_C
  VIA89
  VIA9RDL
  ADS_VIA1_0

Unused & undefined:

Undefined (DEF Only):
