Loading db file '/home/hot_data/DB/snps32/SAED32_EDK/lib/stdcell_rvt/db_nldm/saed32rvt_ss0p75v125c.db'
Information: Propagating switching activity (low effort zero delay simulation). (PWR-6)
Warning: Design has unannotated primary inputs. (PWR-414)
Warning: Design has unannotated sequential cell outputs. (PWR-415)
 
****************************************
Report : power
        -analysis_effort low
Design : tv80s
Version: R-2020.09-SP3
Date   : Fri Nov 17 22:17:03 2023
****************************************


Library(s) Used:

    saed32rvt_ss0p75v125c (File: /home/hot_data/DB/snps32/SAED32_EDK/lib/stdcell_rvt/db_nldm/saed32rvt_ss0p75v125c.db)


Operating Conditions: dlvl_ss0p75v125c_i0p75v   Library: saed32rvt_dlvl_ss0p75v125c_i0p75v
Wire Load Model Mode: enclosed

Design        Wire Load Model            Library
------------------------------------------------
tv80s                  ForQA             saed32rvt_dlvl_ss0p75v125c_i0p75v
SNPS_CLOCK_GATE_HIGH_tv80s_0 ForQA       saed32rvt_dlvl_ss0p75v125c_i0p75v
SNPS_CLOCK_GATE_HIGH_tv80s_1 ForQA       saed32rvt_dlvl_ss0p75v125c_i0p75v
tv80s_DW01_inc_1_DW01_inc_4 ForQA        saed32rvt_dlvl_ss0p75v125c_i0p75v
SNPS_CLOCK_GATE_HIGH_tv80s_2 ForQA       saed32rvt_dlvl_ss0p75v125c_i0p75v
tv80s_DW01_inc_0       ForQA             saed32rvt_dlvl_ss0p75v125c_i0p75v


Global Operating Voltage = 0.75 
Power-specific unit information :
    Voltage Units = 1V
    Capacitance Units = 1.000000ff
    Time Units = 1ns
    Dynamic Power Units = 1uW    (derived from V,C,T units)
    Leakage Power Units = 1pW


  Cell Internal Power  =  78.0241 uW   (80%)
  Net Switching Power  =  20.0183 uW   (20%)
                         ---------
Total Dynamic Power    =  98.0425 uW  (100%)

Cell Leakage Power     = 153.1480 uW


                 Internal         Switching           Leakage            Total
Power Group      Power            Power               Power              Power   (   %    )  Attrs
--------------------------------------------------------------------------------------------------
io_pad             0.0000            0.0000            0.0000            0.0000  (   0.00%)
memory             0.0000            0.0000            0.0000            0.0000  (   0.00%)
black_box          0.0000            0.0000            0.0000            0.0000  (   0.00%)
clock_network      0.4834           16.4361        6.5309e+05           17.5726  (   7.00%)
register          73.6868            0.4570        6.0263e+07          134.4065  (  53.51%)
sequential         0.0000            0.0000            0.0000            0.0000  (   0.00%)
combinational      3.8540            3.1253        9.2232e+07           99.2114  (  39.50%)
--------------------------------------------------------------------------------------------------
Total             78.0242 uW        20.0183 uW     1.5315e+08 pW       251.1905 uW
1
